[INFO] Scanning for projects...
[INFO] 
[INFO] ----------------------< com.example:envers-demo >-----------------------
[INFO] Building envers-demo 1.0.0
[INFO]   from pom.xml
[INFO] --------------------------------[ jar ]---------------------------------
[INFO] 
[INFO] >>> spring-boot:4.0.5:run (default-cli) > test-compile @ envers-demo >>>
[INFO] 
[INFO] --- resources:3.3.1:resources (default-resources) @ envers-demo ---
[INFO] Copying 1 resource from src\main\resources to target\classes
[INFO] Copying 6 resources from src\main\resources to target\classes
[INFO] 
[INFO] --- compiler:3.14.1:compile (default-compile) @ envers-demo ---
[INFO] Recompiling the module because of changed source code.
[INFO] Compiling 11 source files with javac [debug parameters release 17] to target\classes
[INFO] -------------------------------------------------------------
[ERROR] COMPILATION ERROR : 
[INFO] -------------------------------------------------------------
[ERROR] /C:/Users/laurent.morissette-f/Desktop/Code/envers-demo/src/main/java/com/example/enversdemo/config/SecurityConfig.java:[7,53] cannot find symbol
  symbol:   class AntPathRequestMatcher
  location: package org.springframework.security.web.util.matcher
[INFO] 1 error
[INFO] -------------------------------------------------------------
[INFO] ------------------------------------------------------------------------
[INFO] BUILD FAILURE
[INFO] ------------------------------------------------------------------------
[INFO] Total time:  2.438 s
[INFO] Finished at: 2026-07-28T17:43:34-04:00
[INFO] ------------------------------------------------------------------------
[ERROR] Failed to execute goal org.apache.maven.plugins:maven-compiler-plugin:3.14.1:compile (default-compile) on project envers-demo: Compilation failure
[ERROR] /C:/Users/laurent.morissette-f/Desktop/Code/envers-demo/src/main/java/com/example/enversdemo/config/SecurityConfig.java:[7,53] cannot find symbol
[ERROR]   symbol:   class AntPathRequestMatcher
[ERROR]   location: package org.springframework.security.web.util.matcher
[ERROR] 
[ERROR] -> [Help 1]
[ERROR] 
[ERROR] To see the full stack trace of the errors, re-run Maven with the -e switch.
[ERROR] Re-run Maven using the -X switch to enable full debug logging.
[ERROR] 
[ERROR] For more information about the errors and possible solutions, please read the following articles:
[ERROR] [Help 1] http://cwiki.apache.org/confluence/display/MAVEN/MojoFailureException
